
=== ARM A — 8-slot live machinery, NO regime gate ===
trades=1219  win_rate=91.2%  expectancy=-0.0417%/trade  net_frac total=-50.89%
final balance=$6.519 (start $10)  peak=$10.985  daily-limit trips=2  approx maxDD=40.7%
           count      mean       sum
exit_type                           
BE_STOP      607  0.000500  0.303500
EOD            8 -0.007879 -0.063034
MAE_KILL      74 -0.036535 -2.703600
MAX_AGE       26 -0.017375 -0.451740
TP           504  0.004774  2.405966

by pair:
          count      mean       sum
pair                               
BTCUSDT     629 -0.000278 -0.175011
ETHUSDT     194  0.000150  0.029121
NEARUSDT    150 -0.001948 -0.292183
SOLUSDT     155 -0.000042 -0.006440
XRPUSDT      91 -0.000708 -0.064395

concurrency at entry (global slots):
                count      mean       sum
slots_at_entry                           
1                   3  0.001867  0.005600
2                  11 -0.000975 -0.010728
3                  21  0.000009  0.000198
4                  29 -0.000171 -0.004962
5                  53  0.002532  0.134204
6                  92 -0.000907 -0.083437
7                 201 -0.000676 -0.135810
8                 809 -0.000512 -0.413972

=== ARM B — 8-slot live machinery, CHOP GATE ON ===
trades=1183  win_rate=90.7%  expectancy=-0.0533%/trade  net_frac total=-63.03%
final balance=$6.543 (start $10)  peak=$11.454  daily-limit trips=1  approx maxDD=43.9%
           count      mean       sum
exit_type                           
BE_STOP      571  0.000500  0.285500
EOD            8 -0.005065 -0.040521
MAE_KILL      75 -0.036800 -2.760000
MAX_AGE       27 -0.019871 -0.536524
TP           502  0.004823  2.421282

by pair:
          count      mean       sum
pair                               
BTCUSDT     363 -0.000580 -0.210640
ETHUSDT     184  0.001086  0.199896
NEARUSDT    237 -0.000007 -0.001594
SOLUSDT     208 -0.000931 -0.193665
XRPUSDT     191 -0.002221 -0.424261

concurrency at entry (global slots):
                count      mean       sum
slots_at_entry                           
1                  12  0.000984  0.011806
2                  39 -0.000378 -0.014725
3                  54  0.001622  0.087589
4                  73  0.001909  0.139328
5                 100 -0.000701 -0.070140
6                 144 -0.000565 -0.081288
7                 234 -0.000256 -0.059851
8                 527 -0.001220 -0.642984

=== walk-forward (chronological thirds), ARM B (chop gate) ===
       count      mean       sum  mean_pct    sum_pct
fold                                                 
fold1    395 -0.001043 -0.411959 -0.104293 -41.195859
fold2    394 -0.000356 -0.140356 -0.035623 -14.035618
fold3    394 -0.000198 -0.077949 -0.019784  -7.794926

saved multislot_armA.csv, multislot_armB.csv
