   k |     n     WR  gross/trade   NET/trade   CI low  CI high  final$  maxDD | exit mix (TP/BE/KILL)
 1.6 |  1219  91.2%     +0.0983%    -0.0417%  -0.098%  +0.014%   6.519  40.7% | 504/607/74
 2.0 |  1201  91.3%     +0.1007%    -0.0393%  -0.096%  +0.017%   7.000  36.4% | 485/611/71
 3.0 |  1047  89.6%     +0.0669%    -0.0731%  -0.142%  -0.008%   7.142  41.3% | 412/526/71
 4.0 |   984  88.8%     +0.0625%    -0.0775%  -0.153%  -0.005%   7.066  45.3% | 361/513/71
 5.0 |   852  86.2%     -0.0193%    -0.1593%  -0.249%  -0.072%   5.756  45.9% | 287/447/73
 6.0 |   767  84.6%     -0.0413%    -0.1813%  -0.283%  -0.082%   5.890  45.6% | 260/388/77
 8.0 |   639  82.2%     -0.0053%    -0.1453%  -0.262%  -0.034%   5.860  43.3% | 219/304/63

Best k by net expectancy: 2.0

walk-forward (chronological thirds) at best k:
         n  net_mean    net_sum
fold                           
fold1  401  0.002335   0.936171
fold2  400 -0.045638 -18.255162
fold3  400 -0.074725 -29.890084

by pair at best k:
          count      mean       sum  mean_pct    sum_pct
pair                                                    
BTCUSDT     624 -0.000354 -0.220646 -0.035360 -22.064597
ETHUSDT     195  0.000149  0.029015  0.014879   2.901498
NEARUSDT    142 -0.001919 -0.272464 -0.191876 -27.246398
SOLUSDT     151  0.000476  0.071919  0.047628   7.191864
XRPUSDT      89 -0.000898 -0.079914 -0.089791  -7.991442

by exit type at best k:
           count      mean       sum
exit_type                           
BE_STOP      611  0.000500  0.305500
EOD            8 -0.010568 -0.084545
MAE_KILL      71 -0.036541 -2.594400
MAX_AGE       26 -0.017753 -0.461581
TP           485  0.004872  2.362936

saved tp_sweep_multislot.csv
